[03-Aug-2026 11:45:46 UTC] Automatic updates starting...
[03-Aug-2026 11:45:46 UTC] Automatic updates complete.
[03-Aug-2026 12:45:56 UTC] Automatic updates starting...
[03-Aug-2026 12:45:56 UTC] Automatic updates complete.
[03-Aug-2026 13:46:07 UTC] Automatic updates starting...
[03-Aug-2026 13:46:07 UTC] Automatic updates complete.
[03-Aug-2026 15:41:47 UTC] Automatic updates starting...
[03-Aug-2026 15:41:47 UTC] Automatic updates complete.
[04-Aug-2026 06:01:22 UTC] Automatic updates starting...
[04-Aug-2026 06:01:22 UTC] Automatic updates complete.
[04-Aug-2026 07:59:38 UTC] PHP Notice:  Function WP_Scripts::add was called <strong>incorrectly</strong>. The script with the handle "elementor-import-export-admin" was enqueued with dependencies that are not registered: elementor-common. Please see <a href="https://developer.wordpress.org/advanced-administration/debug/debug-wordpress/">Debugging in WordPress</a> for more information. (This message was added in version 6.9.1.) in /home/andrew/public_html/website/andrew-website/wp-includes/functions.php on line 6170
[04-Aug-2026 07:59:38 UTC] PHP Notice:  Function WP_Scripts::add was called <strong>incorrectly</strong>. The script with the handle "import-export-customization-admin" was enqueued with dependencies that are not registered: elementor-common. Please see <a href="https://developer.wordpress.org/advanced-administration/debug/debug-wordpress/">Debugging in WordPress</a> for more information. (This message was added in version 6.9.1.) in /home/andrew/public_html/website/andrew-website/wp-includes/functions.php on line 6170
[04-Aug-2026 07:59:38 UTC] PHP Notice:  Function WP_Scripts::add was called <strong>incorrectly</strong>. The script with the handle "elementor-admin" was enqueued with dependencies that are not registered: elementor-common. Please see <a href="https://developer.wordpress.org/advanced-administration/debug/debug-wordpress/">Debugging in WordPress</a> for more information. (This message was added in version 6.9.1.) in /home/andrew/public_html/website/andrew-website/wp-includes/functions.php on line 6170
[04-Aug-2026 08:00:45 UTC] PHP Notice:  Function WP_Scripts::add was called <strong>incorrectly</strong>. The script with the handle "elementor-import-export-admin" was enqueued with dependencies that are not registered: elementor-common. Please see <a href="https://developer.wordpress.org/advanced-administration/debug/debug-wordpress/">Debugging in WordPress</a> for more information. (This message was added in version 6.9.1.) in /home/andrew/public_html/website/andrew-website/wp-includes/functions.php on line 6170
[04-Aug-2026 08:00:45 UTC] PHP Notice:  Function WP_Scripts::add was called <strong>incorrectly</strong>. The script with the handle "import-export-customization-admin" was enqueued with dependencies that are not registered: elementor-common. Please see <a href="https://developer.wordpress.org/advanced-administration/debug/debug-wordpress/">Debugging in WordPress</a> for more information. (This message was added in version 6.9.1.) in /home/andrew/public_html/website/andrew-website/wp-includes/functions.php on line 6170
[04-Aug-2026 08:00:45 UTC] PHP Notice:  Function WP_Scripts::add was called <strong>incorrectly</strong>. The script with the handle "elementor-admin" was enqueued with dependencies that are not registered: elementor-common. Please see <a href="https://developer.wordpress.org/advanced-administration/debug/debug-wordpress/">Debugging in WordPress</a> for more information. (This message was added in version 6.9.1.) in /home/andrew/public_html/website/andrew-website/wp-includes/functions.php on line 6170
[04-Aug-2026 08:19:41 UTC] Automatic updates starting...
[04-Aug-2026 08:19:41 UTC] Automatic updates complete.
[04-Aug-2026 08:28:06 UTC] PHP Notice:  Function WP_Scripts::add was called <strong>incorrectly</strong>. The script with the handle "elementor-import-export-admin" was enqueued with dependencies that are not registered: elementor-common. Please see <a href="https://developer.wordpress.org/advanced-administration/debug/debug-wordpress/">Debugging in WordPress</a> for more information. (This message was added in version 6.9.1.) in /home/andrew/public_html/website/andrew-website/wp-includes/functions.php on line 6170
[04-Aug-2026 08:28:06 UTC] PHP Notice:  Function WP_Scripts::add was called <strong>incorrectly</strong>. The script with the handle "import-export-customization-admin" was enqueued with dependencies that are not registered: elementor-common. Please see <a href="https://developer.wordpress.org/advanced-administration/debug/debug-wordpress/">Debugging in WordPress</a> for more information. (This message was added in version 6.9.1.) in /home/andrew/public_html/website/andrew-website/wp-includes/functions.php on line 6170
[04-Aug-2026 08:28:06 UTC] PHP Notice:  Function WP_Scripts::add was called <strong>incorrectly</strong>. The script with the handle "elementor-admin" was enqueued with dependencies that are not registered: elementor-common. Please see <a href="https://developer.wordpress.org/advanced-administration/debug/debug-wordpress/">Debugging in WordPress</a> for more information. (This message was added in version 6.9.1.) in /home/andrew/public_html/website/andrew-website/wp-includes/functions.php on line 6170
[04-Aug-2026 08:28:42 UTC] PHP Notice:  Function WP_Scripts::add was called <strong>incorrectly</strong>. The script with the handle "elementor-import-export-admin" was enqueued with dependencies that are not registered: elementor-common. Please see <a href="https://developer.wordpress.org/advanced-administration/debug/debug-wordpress/">Debugging in WordPress</a> for more information. (This message was added in version 6.9.1.) in /home/andrew/public_html/website/andrew-website/wp-includes/functions.php on line 6170
[04-Aug-2026 08:28:42 UTC] PHP Notice:  Function WP_Scripts::add was called <strong>incorrectly</strong>. The script with the handle "import-export-customization-admin" was enqueued with dependencies that are not registered: elementor-common. Please see <a href="https://developer.wordpress.org/advanced-administration/debug/debug-wordpress/">Debugging in WordPress</a> for more information. (This message was added in version 6.9.1.) in /home/andrew/public_html/website/andrew-website/wp-includes/functions.php on line 6170
[04-Aug-2026 08:28:42 UTC] PHP Notice:  Function WP_Scripts::add was called <strong>incorrectly</strong>. The script with the handle "elementor-admin" was enqueued with dependencies that are not registered: elementor-common. Please see <a href="https://developer.wordpress.org/advanced-administration/debug/debug-wordpress/">Debugging in WordPress</a> for more information. (This message was added in version 6.9.1.) in /home/andrew/public_html/website/andrew-website/wp-includes/functions.php on line 6170
[04-Aug-2026 08:29:54 UTC] PHP Notice:  Function WP_Scripts::add was called <strong>incorrectly</strong>. The script with the handle "elementor-import-export-admin" was enqueued with dependencies that are not registered: elementor-common. Please see <a href="https://developer.wordpress.org/advanced-administration/debug/debug-wordpress/">Debugging in WordPress</a> for more information. (This message was added in version 6.9.1.) in /home/andrew/public_html/website/andrew-website/wp-includes/functions.php on line 6170
[04-Aug-2026 08:29:54 UTC] PHP Notice:  Function WP_Scripts::add was called <strong>incorrectly</strong>. The script with the handle "import-export-customization-admin" was enqueued with dependencies that are not registered: elementor-common. Please see <a href="https://developer.wordpress.org/advanced-administration/debug/debug-wordpress/">Debugging in WordPress</a> for more information. (This message was added in version 6.9.1.) in /home/andrew/public_html/website/andrew-website/wp-includes/functions.php on line 6170
[04-Aug-2026 08:29:54 UTC] PHP Notice:  Function WP_Scripts::add was called <strong>incorrectly</strong>. The script with the handle "elementor-admin" was enqueued with dependencies that are not registered: elementor-common. Please see <a href="https://developer.wordpress.org/advanced-administration/debug/debug-wordpress/">Debugging in WordPress</a> for more information. (This message was added in version 6.9.1.) in /home/andrew/public_html/website/andrew-website/wp-includes/functions.php on line 6170
[04-Aug-2026 09:24:07 UTC] Automatic updates starting...
[04-Aug-2026 09:24:07 UTC] Automatic updates complete.
[04-Aug-2026 09:25:26 UTC] PHP Notice:  Function WP_Scripts::add was called <strong>incorrectly</strong>. The script with the handle "elementor-import-export-admin" was enqueued with dependencies that are not registered: elementor-common. Please see <a href="https://developer.wordpress.org/advanced-administration/debug/debug-wordpress/">Debugging in WordPress</a> for more information. (This message was added in version 6.9.1.) in /home/andrew/public_html/website/andrew-website/wp-includes/functions.php on line 6170
[04-Aug-2026 09:25:26 UTC] PHP Notice:  Function WP_Scripts::add was called <strong>incorrectly</strong>. The script with the handle "import-export-customization-admin" was enqueued with dependencies that are not registered: elementor-common. Please see <a href="https://developer.wordpress.org/advanced-administration/debug/debug-wordpress/">Debugging in WordPress</a> for more information. (This message was added in version 6.9.1.) in /home/andrew/public_html/website/andrew-website/wp-includes/functions.php on line 6170
[04-Aug-2026 09:25:26 UTC] PHP Notice:  Function WP_Scripts::add was called <strong>incorrectly</strong>. The script with the handle "elementor-admin" was enqueued with dependencies that are not registered: elementor-common. Please see <a href="https://developer.wordpress.org/advanced-administration/debug/debug-wordpress/">Debugging in WordPress</a> for more information. (This message was added in version 6.9.1.) in /home/andrew/public_html/website/andrew-website/wp-includes/functions.php on line 6170
[04-Aug-2026 09:27:09 UTC] PHP Notice:  Function WP_Scripts::add was called <strong>incorrectly</strong>. The script with the handle "elementor-import-export-admin" was enqueued with dependencies that are not registered: elementor-common. Please see <a href="https://developer.wordpress.org/advanced-administration/debug/debug-wordpress/">Debugging in WordPress</a> for more information. (This message was added in version 6.9.1.) in /home/andrew/public_html/website/andrew-website/wp-includes/functions.php on line 6170
[04-Aug-2026 09:27:09 UTC] PHP Notice:  Function WP_Scripts::add was called <strong>incorrectly</strong>. The script with the handle "import-export-customization-admin" was enqueued with dependencies that are not registered: elementor-common. Please see <a href="https://developer.wordpress.org/advanced-administration/debug/debug-wordpress/">Debugging in WordPress</a> for more information. (This message was added in version 6.9.1.) in /home/andrew/public_html/website/andrew-website/wp-includes/functions.php on line 6170
[04-Aug-2026 09:27:09 UTC] PHP Notice:  Function WP_Scripts::add was called <strong>incorrectly</strong>. The script with the handle "elementor-admin" was enqueued with dependencies that are not registered: elementor-common. Please see <a href="https://developer.wordpress.org/advanced-administration/debug/debug-wordpress/">Debugging in WordPress</a> for more information. (This message was added in version 6.9.1.) in /home/andrew/public_html/website/andrew-website/wp-includes/functions.php on line 6170
[04-Aug-2026 09:39:36 UTC] PHP Notice:  Function WP_Scripts::add was called <strong>incorrectly</strong>. The script with the handle "elementor-import-export-admin" was enqueued with dependencies that are not registered: elementor-common. Please see <a href="https://developer.wordpress.org/advanced-administration/debug/debug-wordpress/">Debugging in WordPress</a> for more information. (This message was added in version 6.9.1.) in /home/andrew/public_html/website/andrew-website/wp-includes/functions.php on line 6170
[04-Aug-2026 09:39:36 UTC] PHP Notice:  Function WP_Scripts::add was called <strong>incorrectly</strong>. The script with the handle "import-export-customization-admin" was enqueued with dependencies that are not registered: elementor-common. Please see <a href="https://developer.wordpress.org/advanced-administration/debug/debug-wordpress/">Debugging in WordPress</a> for more information. (This message was added in version 6.9.1.) in /home/andrew/public_html/website/andrew-website/wp-includes/functions.php on line 6170
[04-Aug-2026 09:39:36 UTC] PHP Notice:  Function WP_Scripts::add was called <strong>incorrectly</strong>. The script with the handle "elementor-admin" was enqueued with dependencies that are not registered: elementor-common. Please see <a href="https://developer.wordpress.org/advanced-administration/debug/debug-wordpress/">Debugging in WordPress</a> for more information. (This message was added in version 6.9.1.) in /home/andrew/public_html/website/andrew-website/wp-includes/functions.php on line 6170
[04-Aug-2026 10:24:25 UTC] Automatic updates starting...
[04-Aug-2026 10:24:25 UTC] Automatic updates complete.
[04-Aug-2026 10:50:51 UTC] Automatic updates starting...
[04-Aug-2026 10:50:51 UTC] Automatic updates complete.
[04-Aug-2026 11:40:47 UTC] PHP Notice:  Function WP_Scripts::add was called <strong>incorrectly</strong>. The script with the handle "elementor-import-export-admin" was enqueued with dependencies that are not registered: elementor-common. Please see <a href="https://developer.wordpress.org/advanced-administration/debug/debug-wordpress/">Debugging in WordPress</a> for more information. (This message was added in version 6.9.1.) in /home/andrew/public_html/website/andrew-website/wp-includes/functions.php on line 6170
[04-Aug-2026 11:40:47 UTC] PHP Notice:  Function WP_Scripts::add was called <strong>incorrectly</strong>. The script with the handle "import-export-customization-admin" was enqueued with dependencies that are not registered: elementor-common. Please see <a href="https://developer.wordpress.org/advanced-administration/debug/debug-wordpress/">Debugging in WordPress</a> for more information. (This message was added in version 6.9.1.) in /home/andrew/public_html/website/andrew-website/wp-includes/functions.php on line 6170
[04-Aug-2026 11:40:47 UTC] PHP Notice:  Function WP_Scripts::add was called <strong>incorrectly</strong>. The script with the handle "elementor-admin" was enqueued with dependencies that are not registered: elementor-common. Please see <a href="https://developer.wordpress.org/advanced-administration/debug/debug-wordpress/">Debugging in WordPress</a> for more information. (This message was added in version 6.9.1.) in /home/andrew/public_html/website/andrew-website/wp-includes/functions.php on line 6170
[04-Aug-2026 11:41:55 UTC] PHP Notice:  Function WP_Scripts::add was called <strong>incorrectly</strong>. The script with the handle "elementor-import-export-admin" was enqueued with dependencies that are not registered: elementor-common. Please see <a href="https://developer.wordpress.org/advanced-administration/debug/debug-wordpress/">Debugging in WordPress</a> for more information. (This message was added in version 6.9.1.) in /home/andrew/public_html/website/andrew-website/wp-includes/functions.php on line 6170
[04-Aug-2026 11:41:55 UTC] PHP Notice:  Function WP_Scripts::add was called <strong>incorrectly</strong>. The script with the handle "import-export-customization-admin" was enqueued with dependencies that are not registered: elementor-common. Please see <a href="https://developer.wordpress.org/advanced-administration/debug/debug-wordpress/">Debugging in WordPress</a> for more information. (This message was added in version 6.9.1.) in /home/andrew/public_html/website/andrew-website/wp-includes/functions.php on line 6170
[04-Aug-2026 11:41:55 UTC] PHP Notice:  Function WP_Scripts::add was called <strong>incorrectly</strong>. The script with the handle "elementor-admin" was enqueued with dependencies that are not registered: elementor-common. Please see <a href="https://developer.wordpress.org/advanced-administration/debug/debug-wordpress/">Debugging in WordPress</a> for more information. (This message was added in version 6.9.1.) in /home/andrew/public_html/website/andrew-website/wp-includes/functions.php on line 6170
[04-Aug-2026 11:50:56 UTC] Automatic updates starting...
[04-Aug-2026 11:50:56 UTC] Automatic updates complete.
[04-Aug-2026 12:51:03 UTC] Automatic updates starting...
[04-Aug-2026 12:51:03 UTC] Automatic updates complete.
[04-Aug-2026 13:51:06 UTC] Automatic updates starting...
[04-Aug-2026 13:51:06 UTC] Automatic updates complete.
[04-Aug-2026 15:33:00 UTC] Automatic updates starting...
[04-Aug-2026 15:33:00 UTC] Automatic updates complete.
[04-Aug-2026 17:24:10 UTC] Automatic updates starting...
[04-Aug-2026 17:24:10 UTC] Automatic updates complete.
[04-Aug-2026 19:09:19 UTC] Automatic updates starting...
[04-Aug-2026 19:09:19 UTC] Automatic updates complete.
[05-Aug-2026 04:46:18 UTC] Automatic updates starting...
[05-Aug-2026 04:46:18 UTC] Automatic updates complete.
[05-Aug-2026 09:25:53 UTC] Automatic updates starting...
[05-Aug-2026 09:25:53 UTC] Automatic updates complete.
[05-Aug-2026 09:34:07 UTC] PHP Notice:  Function WP_Scripts::add was called <strong>incorrectly</strong>. The script with the handle "elementor-import-export-admin" was enqueued with dependencies that are not registered: elementor-common. Please see <a href="https://developer.wordpress.org/advanced-administration/debug/debug-wordpress/">Debugging in WordPress</a> for more information. (This message was added in version 6.9.1.) in /home/andrew/public_html/website/andrew-website/wp-includes/functions.php on line 6170
[05-Aug-2026 09:34:07 UTC] PHP Notice:  Function WP_Scripts::add was called <strong>incorrectly</strong>. The script with the handle "import-export-customization-admin" was enqueued with dependencies that are not registered: elementor-common. Please see <a href="https://developer.wordpress.org/advanced-administration/debug/debug-wordpress/">Debugging in WordPress</a> for more information. (This message was added in version 6.9.1.) in /home/andrew/public_html/website/andrew-website/wp-includes/functions.php on line 6170
[05-Aug-2026 09:34:07 UTC] PHP Notice:  Function WP_Scripts::add was called <strong>incorrectly</strong>. The script with the handle "elementor-admin" was enqueued with dependencies that are not registered: elementor-common. Please see <a href="https://developer.wordpress.org/advanced-administration/debug/debug-wordpress/">Debugging in WordPress</a> for more information. (This message was added in version 6.9.1.) in /home/andrew/public_html/website/andrew-website/wp-includes/functions.php on line 6170
[05-Aug-2026 09:36:19 UTC] PHP Notice:  Function WP_Scripts::add was called <strong>incorrectly</strong>. The script with the handle "elementor-import-export-admin" was enqueued with dependencies that are not registered: elementor-common. Please see <a href="https://developer.wordpress.org/advanced-administration/debug/debug-wordpress/">Debugging in WordPress</a> for more information. (This message was added in version 6.9.1.) in /home/andrew/public_html/website/andrew-website/wp-includes/functions.php on line 6170
[05-Aug-2026 09:36:19 UTC] PHP Notice:  Function WP_Scripts::add was called <strong>incorrectly</strong>. The script with the handle "import-export-customization-admin" was enqueued with dependencies that are not registered: elementor-common. Please see <a href="https://developer.wordpress.org/advanced-administration/debug/debug-wordpress/">Debugging in WordPress</a> for more information. (This message was added in version 6.9.1.) in /home/andrew/public_html/website/andrew-website/wp-includes/functions.php on line 6170
[05-Aug-2026 09:36:19 UTC] PHP Notice:  Function WP_Scripts::add was called <strong>incorrectly</strong>. The script with the handle "elementor-admin" was enqueued with dependencies that are not registered: elementor-common. Please see <a href="https://developer.wordpress.org/advanced-administration/debug/debug-wordpress/">Debugging in WordPress</a> for more information. (This message was added in version 6.9.1.) in /home/andrew/public_html/website/andrew-website/wp-includes/functions.php on line 6170
[05-Aug-2026 09:36:43 UTC] PHP Notice:  Function WP_Scripts::add was called <strong>incorrectly</strong>. The script with the handle "elementor-import-export-admin" was enqueued with dependencies that are not registered: elementor-common. Please see <a href="https://developer.wordpress.org/advanced-administration/debug/debug-wordpress/">Debugging in WordPress</a> for more information. (This message was added in version 6.9.1.) in /home/andrew/public_html/website/andrew-website/wp-includes/functions.php on line 6170
[05-Aug-2026 09:36:43 UTC] PHP Notice:  Function WP_Scripts::add was called <strong>incorrectly</strong>. The script with the handle "import-export-customization-admin" was enqueued with dependencies that are not registered: elementor-common. Please see <a href="https://developer.wordpress.org/advanced-administration/debug/debug-wordpress/">Debugging in WordPress</a> for more information. (This message was added in version 6.9.1.) in /home/andrew/public_html/website/andrew-website/wp-includes/functions.php on line 6170
[05-Aug-2026 09:36:43 UTC] PHP Notice:  Function WP_Scripts::add was called <strong>incorrectly</strong>. The script with the handle "elementor-admin" was enqueued with dependencies that are not registered: elementor-common. Please see <a href="https://developer.wordpress.org/advanced-administration/debug/debug-wordpress/">Debugging in WordPress</a> for more information. (This message was added in version 6.9.1.) in /home/andrew/public_html/website/andrew-website/wp-includes/functions.php on line 6170
[05-Aug-2026 09:37:48 UTC] PHP Notice:  Function WP_Scripts::add was called <strong>incorrectly</strong>. The script with the handle "elementor-import-export-admin" was enqueued with dependencies that are not registered: elementor-common. Please see <a href="https://developer.wordpress.org/advanced-administration/debug/debug-wordpress/">Debugging in WordPress</a> for more information. (This message was added in version 6.9.1.) in /home/andrew/public_html/website/andrew-website/wp-includes/functions.php on line 6170
[05-Aug-2026 09:37:48 UTC] PHP Notice:  Function WP_Scripts::add was called <strong>incorrectly</strong>. The script with the handle "import-export-customization-admin" was enqueued with dependencies that are not registered: elementor-common. Please see <a href="https://developer.wordpress.org/advanced-administration/debug/debug-wordpress/">Debugging in WordPress</a> for more information. (This message was added in version 6.9.1.) in /home/andrew/public_html/website/andrew-website/wp-includes/functions.php on line 6170
[05-Aug-2026 09:37:48 UTC] PHP Notice:  Function WP_Scripts::add was called <strong>incorrectly</strong>. The script with the handle "elementor-admin" was enqueued with dependencies that are not registered: elementor-common. Please see <a href="https://developer.wordpress.org/advanced-administration/debug/debug-wordpress/">Debugging in WordPress</a> for more information. (This message was added in version 6.9.1.) in /home/andrew/public_html/website/andrew-website/wp-includes/functions.php on line 6170
[05-Aug-2026 09:39:03 UTC] PHP Notice:  Function WP_Scripts::add was called <strong>incorrectly</strong>. The script with the handle "elementor-import-export-admin" was enqueued with dependencies that are not registered: elementor-common. Please see <a href="https://developer.wordpress.org/advanced-administration/debug/debug-wordpress/">Debugging in WordPress</a> for more information. (This message was added in version 6.9.1.) in /home/andrew/public_html/website/andrew-website/wp-includes/functions.php on line 6170
[05-Aug-2026 09:39:03 UTC] PHP Notice:  Function WP_Scripts::add was called <strong>incorrectly</strong>. The script with the handle "import-export-customization-admin" was enqueued with dependencies that are not registered: elementor-common. Please see <a href="https://developer.wordpress.org/advanced-administration/debug/debug-wordpress/">Debugging in WordPress</a> for more information. (This message was added in version 6.9.1.) in /home/andrew/public_html/website/andrew-website/wp-includes/functions.php on line 6170
[05-Aug-2026 09:39:03 UTC] PHP Notice:  Function WP_Scripts::add was called <strong>incorrectly</strong>. The script with the handle "elementor-admin" was enqueued with dependencies that are not registered: elementor-common. Please see <a href="https://developer.wordpress.org/advanced-administration/debug/debug-wordpress/">Debugging in WordPress</a> for more information. (This message was added in version 6.9.1.) in /home/andrew/public_html/website/andrew-website/wp-includes/functions.php on line 6170
[05-Aug-2026 09:40:07 UTC] PHP Notice:  Function WP_Scripts::add was called <strong>incorrectly</strong>. The script with the handle "elementor-import-export-admin" was enqueued with dependencies that are not registered: elementor-common. Please see <a href="https://developer.wordpress.org/advanced-administration/debug/debug-wordpress/">Debugging in WordPress</a> for more information. (This message was added in version 6.9.1.) in /home/andrew/public_html/website/andrew-website/wp-includes/functions.php on line 6170
[05-Aug-2026 09:40:07 UTC] PHP Notice:  Function WP_Scripts::add was called <strong>incorrectly</strong>. The script with the handle "import-export-customization-admin" was enqueued with dependencies that are not registered: elementor-common. Please see <a href="https://developer.wordpress.org/advanced-administration/debug/debug-wordpress/">Debugging in WordPress</a> for more information. (This message was added in version 6.9.1.) in /home/andrew/public_html/website/andrew-website/wp-includes/functions.php on line 6170
[05-Aug-2026 09:40:07 UTC] PHP Notice:  Function WP_Scripts::add was called <strong>incorrectly</strong>. The script with the handle "elementor-admin" was enqueued with dependencies that are not registered: elementor-common. Please see <a href="https://developer.wordpress.org/advanced-administration/debug/debug-wordpress/">Debugging in WordPress</a> for more information. (This message was added in version 6.9.1.) in /home/andrew/public_html/website/andrew-website/wp-includes/functions.php on line 6170
[05-Aug-2026 10:01:39 UTC] PHP Notice:  Function WP_Scripts::add was called <strong>incorrectly</strong>. The script with the handle "elementor-import-export-admin" was enqueued with dependencies that are not registered: elementor-common. Please see <a href="https://developer.wordpress.org/advanced-administration/debug/debug-wordpress/">Debugging in WordPress</a> for more information. (This message was added in version 6.9.1.) in /home/andrew/public_html/website/andrew-website/wp-includes/functions.php on line 6170
[05-Aug-2026 10:01:39 UTC] PHP Notice:  Function WP_Scripts::add was called <strong>incorrectly</strong>. The script with the handle "import-export-customization-admin" was enqueued with dependencies that are not registered: elementor-common. Please see <a href="https://developer.wordpress.org/advanced-administration/debug/debug-wordpress/">Debugging in WordPress</a> for more information. (This message was added in version 6.9.1.) in /home/andrew/public_html/website/andrew-website/wp-includes/functions.php on line 6170
[05-Aug-2026 10:01:39 UTC] PHP Notice:  Function WP_Scripts::add was called <strong>incorrectly</strong>. The script with the handle "elementor-admin" was enqueued with dependencies that are not registered: elementor-common. Please see <a href="https://developer.wordpress.org/advanced-administration/debug/debug-wordpress/">Debugging in WordPress</a> for more information. (This message was added in version 6.9.1.) in /home/andrew/public_html/website/andrew-website/wp-includes/functions.php on line 6170
[05-Aug-2026 10:01:59 UTC] PHP Notice:  Function WP_Scripts::add was called <strong>incorrectly</strong>. The script with the handle "elementor-import-export-admin" was enqueued with dependencies that are not registered: elementor-common. Please see <a href="https://developer.wordpress.org/advanced-administration/debug/debug-wordpress/">Debugging in WordPress</a> for more information. (This message was added in version 6.9.1.) in /home/andrew/public_html/website/andrew-website/wp-includes/functions.php on line 6170
[05-Aug-2026 10:01:59 UTC] PHP Notice:  Function WP_Scripts::add was called <strong>incorrectly</strong>. The script with the handle "import-export-customization-admin" was enqueued with dependencies that are not registered: elementor-common. Please see <a href="https://developer.wordpress.org/advanced-administration/debug/debug-wordpress/">Debugging in WordPress</a> for more information. (This message was added in version 6.9.1.) in /home/andrew/public_html/website/andrew-website/wp-includes/functions.php on line 6170
[05-Aug-2026 10:01:59 UTC] PHP Notice:  Function WP_Scripts::add was called <strong>incorrectly</strong>. The script with the handle "elementor-admin" was enqueued with dependencies that are not registered: elementor-common. Please see <a href="https://developer.wordpress.org/advanced-administration/debug/debug-wordpress/">Debugging in WordPress</a> for more information. (This message was added in version 6.9.1.) in /home/andrew/public_html/website/andrew-website/wp-includes/functions.php on line 6170
[05-Aug-2026 10:25:54 UTC] Automatic updates starting...
[05-Aug-2026 10:25:54 UTC] Automatic updates complete.
[05-Aug-2026 10:50:35 UTC] Automatic updates starting...
[05-Aug-2026 10:50:35 UTC] Automatic updates complete.
[05-Aug-2026 11:51:03 UTC] Automatic updates starting...
[05-Aug-2026 11:51:03 UTC] Automatic updates complete.
[05-Aug-2026 12:57:08 UTC] Automatic updates starting...
[05-Aug-2026 12:57:08 UTC] Automatic updates complete.
[05-Aug-2026 13:50:13 UTC] PHP Notice:  Function WP_Scripts::add was called <strong>incorrectly</strong>. The script with the handle "elementor-import-export-admin" was enqueued with dependencies that are not registered: elementor-common. Please see <a href="https://developer.wordpress.org/advanced-administration/debug/debug-wordpress/">Debugging in WordPress</a> for more information. (This message was added in version 6.9.1.) in /home/andrew/public_html/website/andrew-website/wp-includes/functions.php on line 6170
[05-Aug-2026 13:50:13 UTC] PHP Notice:  Function WP_Scripts::add was called <strong>incorrectly</strong>. The script with the handle "import-export-customization-admin" was enqueued with dependencies that are not registered: elementor-common. Please see <a href="https://developer.wordpress.org/advanced-administration/debug/debug-wordpress/">Debugging in WordPress</a> for more information. (This message was added in version 6.9.1.) in /home/andrew/public_html/website/andrew-website/wp-includes/functions.php on line 6170
[05-Aug-2026 13:50:13 UTC] PHP Notice:  Function WP_Scripts::add was called <strong>incorrectly</strong>. The script with the handle "elementor-admin" was enqueued with dependencies that are not registered: elementor-common. Please see <a href="https://developer.wordpress.org/advanced-administration/debug/debug-wordpress/">Debugging in WordPress</a> for more information. (This message was added in version 6.9.1.) in /home/andrew/public_html/website/andrew-website/wp-includes/functions.php on line 6170
[05-Aug-2026 13:50:34 UTC] PHP Notice:  Function WP_Scripts::add was called <strong>incorrectly</strong>. The script with the handle "elementor-import-export-admin" was enqueued with dependencies that are not registered: elementor-common. Please see <a href="https://developer.wordpress.org/advanced-administration/debug/debug-wordpress/">Debugging in WordPress</a> for more information. (This message was added in version 6.9.1.) in /home/andrew/public_html/website/andrew-website/wp-includes/functions.php on line 6170
[05-Aug-2026 13:50:34 UTC] PHP Notice:  Function WP_Scripts::add was called <strong>incorrectly</strong>. The script with the handle "import-export-customization-admin" was enqueued with dependencies that are not registered: elementor-common. Please see <a href="https://developer.wordpress.org/advanced-administration/debug/debug-wordpress/">Debugging in WordPress</a> for more information. (This message was added in version 6.9.1.) in /home/andrew/public_html/website/andrew-website/wp-includes/functions.php on line 6170
[05-Aug-2026 13:50:34 UTC] PHP Notice:  Function WP_Scripts::add was called <strong>incorrectly</strong>. The script with the handle "elementor-admin" was enqueued with dependencies that are not registered: elementor-common. Please see <a href="https://developer.wordpress.org/advanced-administration/debug/debug-wordpress/">Debugging in WordPress</a> for more information. (This message was added in version 6.9.1.) in /home/andrew/public_html/website/andrew-website/wp-includes/functions.php on line 6170
[05-Aug-2026 13:58:22 UTC] Automatic updates starting...
[05-Aug-2026 13:58:22 UTC] Automatic updates complete.
[05-Aug-2026 14:59:09 UTC] Automatic updates starting...
[05-Aug-2026 14:59:09 UTC] Automatic updates complete.
[05-Aug-2026 18:07:37 UTC] Automatic updates starting...
[05-Aug-2026 18:07:37 UTC] Automatic updates complete.
[05-Aug-2026 19:28:38 UTC] Automatic updates starting...
[05-Aug-2026 19:28:38 UTC] Automatic updates complete.
[06-Aug-2026 00:52:55 UTC] Automatic updates starting...
[06-Aug-2026 00:52:55 UTC] Automatic updates complete.
[06-Aug-2026 06:59:08 UTC] [Header & Footer Builder] Issue reporter mail failed: Could not instantiate mail function.
[06-Aug-2026 07:59:19 UTC] Automatic updates starting...
[06-Aug-2026 07:59:19 UTC] Automatic updates complete.
[06-Aug-2026 08:31:12 UTC] PHP Notice:  Function WP_Scripts::add was called <strong>incorrectly</strong>. The script with the handle "elementor-import-export-admin" was enqueued with dependencies that are not registered: elementor-common. Please see <a href="https://developer.wordpress.org/advanced-administration/debug/debug-wordpress/">Debugging in WordPress</a> for more information. (This message was added in version 6.9.1.) in /home/andrew/public_html/website/andrew-website/wp-includes/functions.php on line 6170
[06-Aug-2026 08:31:12 UTC] PHP Notice:  Function WP_Scripts::add was called <strong>incorrectly</strong>. The script with the handle "import-export-customization-admin" was enqueued with dependencies that are not registered: elementor-common. Please see <a href="https://developer.wordpress.org/advanced-administration/debug/debug-wordpress/">Debugging in WordPress</a> for more information. (This message was added in version 6.9.1.) in /home/andrew/public_html/website/andrew-website/wp-includes/functions.php on line 6170
[06-Aug-2026 08:31:12 UTC] PHP Notice:  Function WP_Scripts::add was called <strong>incorrectly</strong>. The script with the handle "elementor-admin" was enqueued with dependencies that are not registered: elementor-common. Please see <a href="https://developer.wordpress.org/advanced-administration/debug/debug-wordpress/">Debugging in WordPress</a> for more information. (This message was added in version 6.9.1.) in /home/andrew/public_html/website/andrew-website/wp-includes/functions.php on line 6170
[06-Aug-2026 08:59:29 UTC] Automatic updates starting...
[06-Aug-2026 08:59:29 UTC] Automatic updates complete.
[06-Aug-2026 09:27:37 UTC] PHP Notice:  Function WP_Scripts::add was called <strong>incorrectly</strong>. The script with the handle "elementor-import-export-admin" was enqueued with dependencies that are not registered: elementor-common. Please see <a href="https://developer.wordpress.org/advanced-administration/debug/debug-wordpress/">Debugging in WordPress</a> for more information. (This message was added in version 6.9.1.) in /home/andrew/public_html/website/andrew-website/wp-includes/functions.php on line 6170
[06-Aug-2026 09:27:37 UTC] PHP Notice:  Function WP_Scripts::add was called <strong>incorrectly</strong>. The script with the handle "import-export-customization-admin" was enqueued with dependencies that are not registered: elementor-common. Please see <a href="https://developer.wordpress.org/advanced-administration/debug/debug-wordpress/">Debugging in WordPress</a> for more information. (This message was added in version 6.9.1.) in /home/andrew/public_html/website/andrew-website/wp-includes/functions.php on line 6170
[06-Aug-2026 09:27:37 UTC] PHP Notice:  Function WP_Scripts::add was called <strong>incorrectly</strong>. The script with the handle "elementor-admin" was enqueued with dependencies that are not registered: elementor-common. Please see <a href="https://developer.wordpress.org/advanced-administration/debug/debug-wordpress/">Debugging in WordPress</a> for more information. (This message was added in version 6.9.1.) in /home/andrew/public_html/website/andrew-website/wp-includes/functions.php on line 6170
[06-Aug-2026 10:00:26 UTC] Automatic updates starting...
[06-Aug-2026 10:00:26 UTC] Automatic updates complete.
[06-Aug-2026 10:42:01 UTC] PHP Notice:  Function WP_Scripts::add was called <strong>incorrectly</strong>. The script with the handle "elementor-import-export-admin" was enqueued with dependencies that are not registered: elementor-common. Please see <a href="https://developer.wordpress.org/advanced-administration/debug/debug-wordpress/">Debugging in WordPress</a> for more information. (This message was added in version 6.9.1.) in /home/andrew/public_html/website/andrew-website/wp-includes/functions.php on line 6170
[06-Aug-2026 10:42:01 UTC] PHP Notice:  Function WP_Scripts::add was called <strong>incorrectly</strong>. The script with the handle "import-export-customization-admin" was enqueued with dependencies that are not registered: elementor-common. Please see <a href="https://developer.wordpress.org/advanced-administration/debug/debug-wordpress/">Debugging in WordPress</a> for more information. (This message was added in version 6.9.1.) in /home/andrew/public_html/website/andrew-website/wp-includes/functions.php on line 6170
[06-Aug-2026 10:42:01 UTC] PHP Notice:  Function WP_Scripts::add was called <strong>incorrectly</strong>. The script with the handle "elementor-admin" was enqueued with dependencies that are not registered: elementor-common. Please see <a href="https://developer.wordpress.org/advanced-administration/debug/debug-wordpress/">Debugging in WordPress</a> for more information. (This message was added in version 6.9.1.) in /home/andrew/public_html/website/andrew-website/wp-includes/functions.php on line 6170
[06-Aug-2026 10:51:05 UTC] Automatic updates starting...
[06-Aug-2026 10:51:05 UTC] Automatic updates complete.
[06-Aug-2026 21:16:45 UTC] Automatic updates starting...
[06-Aug-2026 21:16:45 UTC]   Automatic plugin updates starting...
[06-Aug-2026 21:16:45 UTC]   Automatic plugin updates complete.
[06-Aug-2026 21:16:45 UTC] Automatic updates complete.
[06-Aug-2026 21:16:47 UTC] [Header & Footer Builder] Issue reporter mail failed: Could not instantiate mail function.
[06-Aug-2026 21:16:51 UTC] [Header & Footer Builder] Issue reporter mail failed: Could not instantiate mail function.
[07-Aug-2026 04:54:38 UTC] Automatic updates starting...
[07-Aug-2026 04:54:38 UTC]   Automatic plugin updates starting...
[07-Aug-2026 04:54:38 UTC]   Automatic plugin updates complete.
[07-Aug-2026 04:54:38 UTC] Automatic updates complete.
[07-Aug-2026 12:28:40 UTC] Automatic updates starting...
[07-Aug-2026 12:28:41 UTC]   Automatic plugin updates starting...
[07-Aug-2026 12:28:41 UTC]   Automatic plugin updates complete.
[07-Aug-2026 12:28:41 UTC] Automatic updates complete.
[07-Aug-2026 23:43:56 UTC] Automatic updates starting...
[07-Aug-2026 23:43:56 UTC]   Automatic plugin updates starting...
[07-Aug-2026 23:43:56 UTC]   Automatic plugin updates complete.
[07-Aug-2026 23:43:56 UTC] Automatic updates complete.
[10-Aug-2026 11:28:24 UTC] Automatic updates starting...
[10-Aug-2026 11:28:24 UTC]   Automatic plugin updates starting...
[10-Aug-2026 11:28:24 UTC]   Automatic plugin updates complete.
[10-Aug-2026 11:28:24 UTC] Automatic updates complete.
[10-Aug-2026 11:28:24 UTC] Cron unschedule event error for hook: wordfence_start_scheduled_scan, Error code: could_not_set, Error message: The cron event list could not be saved., Data: {"schedule":false,"args":[1786256799]}
